Startpoint: _1427_ (rising edge-triggered flip-flop clocked by clk_48)
Endpoint: usb_rst (output port clocked by clk_48)
Path Group: clk_48
Path Type: max

Fanout     Cap    Slew   Delay    Time   Description
-----------------------------------------------------------------------------
                  0.00    0.00    0.00   clock clk_48 (rise edge)
                          0.00    0.00   clock network delay (ideal)
                  0.00    0.00    0.00 ^ _1427_/CLK (sky130_fd_sc_hd__dfrtp_2)
                  0.12    0.83    0.83 v _1427_/Q (sky130_fd_sc_hd__dfrtp_2)
     4    0.01                           recv.reset_detect.cntr[1] (net)
                  0.12    0.00    0.83 v _0958_/A (sky130_fd_sc_hd__or3_2)
                  0.21    1.20    2.03 v _0958_/X (sky130_fd_sc_hd__or3_2)
     3    0.01                           _0539_ (net)
                  0.21    0.00    2.03 v _0959_/B (sky130_fd_sc_hd__or2_2)
                  0.18    0.78    2.81 v _0959_/X (sky130_fd_sc_hd__or2_2)
     5    0.02                           _0540_ (net)
                  0.18    0.00    2.81 v _0960_/C (sky130_fd_sc_hd__or3_2)
                  0.21    1.09    3.90 v _0960_/X (sky130_fd_sc_hd__or3_2)
     4    0.01                           _0541_ (net)
                  0.21    0.00    3.90 v _0961_/C (sky130_fd_sc_hd__or3_2)
                  0.22    1.11    5.01 v _0961_/X (sky130_fd_sc_hd__or3_2)
     4    0.01                           _0542_ (net)
                  0.22    0.00    5.01 v _0962_/D (sky130_fd_sc_hd__or4_2)
                  0.26    1.41    6.42 v _0962_/X (sky130_fd_sc_hd__or4_2)
     3    0.01                           _0543_ (net)
                  0.26    0.00    6.42 v _0963_/D (sky130_fd_sc_hd__or4_2)
                  0.28    1.46    7.88 v _0963_/X (sky130_fd_sc_hd__or4_2)
     3    0.01                           _0544_ (net)
                  0.28    0.00    7.88 v _0964_/B (sky130_fd_sc_hd__or2_2)
                  0.13    0.72    8.60 v _0964_/X (sky130_fd_sc_hd__or2_2)
     3    0.00                           _0545_ (net)
                  0.13    0.00    8.60 v _0965_/B (sky130_fd_sc_hd__or2_2)
                  0.16    0.71    9.31 v _0965_/X (sky130_fd_sc_hd__or2_2)
     3    0.01                           _0546_ (net)
                  0.16    0.00    9.31 v _0969_/B (sky130_fd_sc_hd__nor2_2)
                  0.12    0.16    9.47 ^ _0969_/Y (sky130_fd_sc_hd__nor2_2)
     2    0.00                           _0548_ (net)
                  0.12    0.00    9.47 ^ _0970_/A (sky130_fd_sc_hd__buf_1)
                  0.80    0.69   10.17 ^ _0970_/X (sky130_fd_sc_hd__buf_1)
     6    0.04                           usb_rst (net)
                  0.80    0.00   10.17 ^ usb_rst (out)
                                 10.17   data arrival time

                  0.00   12.55   12.55   clock clk_48 (rise edge)
                          0.00   12.55   clock network delay (ideal)
                          0.00   12.55   clock reconvergence pessimism
                         -2.51   10.04   output external delay
                                 10.04   data required time
-----------------------------------------------------------------------------
                                 10.04   data required time
                                -10.17   data arrival time
-----------------------------------------------------------------------------
                                 -0.13   slack (VIOLATED)


